./gradlew : 
At line:1 char:1
+ ./gradlew clean shadowJar > build_output.txt 2>&1
+ ~~~~~~~~~~~~~~~~~~~~~~~~~~~~~~~~~~~~~~~~~~~~~~~~~
    + CategoryInfo          : NotSpecified: (:String) [], RemoteException
    + FullyQualifiedErrorId : NativeCommandError
 
FAILURE: Build failed with an exception.

* What went wrong:
Could not determine the dependencies of task ':shadowJar'.
> Could not resolve all dependencies for configuration ':runtimeClasspath'.
   > Could not find com.github.mattbaconz:IonAPI:1.5.0.
     Searched in the following locations:
       - file:/C:/Users/Michael/.m2/repository/com/github/mattbaconz/IonAPI/1.5.0/IonAPI-1.5.0.pom
       - https://repo.maven.apache.org/maven2/com/github/mattbaconz/IonAPI/1.5.0/IonAPI-1.5.0.pom
       - https://repo.papermc.io/repository/maven-public/com/github/mattbaconz/IonAPI/1.5.0/IonAPI-1.5.0.pom
       - https://jitpack.io/com/github/mattbaconz/IonAPI/1.5.0/IonAPI-1.5.0.pom
     Required by:
         root project 'IonTemplatePlugin'
   > Could not find com.github.mattbaconz.IonAPI:ion-paper:1.5.0.
     Searched in the following locations:
       - file:/C:/Users/Michael/.m2/repository/com/github/mattbaconz/IonAPI/ion-paper/1.5.0/ion-paper-1.5.0.pom
       - https://repo.maven.apache.org/maven2/com/github/mattbaconz/IonAPI/ion-paper/1.5.0/ion-paper-1.5.0.pom
       - https://repo.papermc.io/repository/maven-public/com/github/mattbaconz/IonAPI/ion-paper/1.5.0/ion-paper-1.5.0.pom
       - https://jitpack.io/com/github/mattbaconz/IonAPI/ion-paper/1.5.0/ion-paper-1.5.0.pom
     Required by:
         root project 'IonTemplatePlugin'

* Try:
> Run with --stacktrace option to get the stack trace.
> Run with --info or --debug option to get more log output.
> Run with --scan to generate a Build Scan (powered by Develocity).
> Get more help at https://help.gradle.org.

BUILD FAILED in 9s
